// Jest Snapshot v1, https://goo.gl/fbAQLP

exports[`render main page 1`] = `
Array [
  <h1
    className="sc-bdfBwQ display-3"
  >
    Battleship
  </h1>,
  <div>
    <button
      className="sc-gsTCUz fGVasU btn btn-secondary"
      onClick={[Function]}
      type="button"
    >
      Search opponent
    </button>
    <button
      className="sc-gsTCUz sc-dlfnbm fGVasU btn btn-secondary"
      onClick={[Function]}
      type="button"
    >
      Create lobby
    </button>
  </div>,
]
`;
